[aivocalremover.com/index.html]
[aivocalremover.com/template/img/officialimage.jpg]
[backblue.gif]
[fade.gif]
[index.html]
[aivocalremover.com/template/vendor/bootstrap/css/bootstrap.min.css]
[aivocalremover.com/template/vendor/simple-line-icons/css/simple-line-icons.css]
[aivocalremover.com/template/vendor/fontawesome-free/css/all.min.css]
[aivocalremover.com/template/css/landing-page.min.css]
[aivocalremover.com/template/css/dropzone.css]
[pagead2.googlesyndication.com/pagead/js/f.txt]
[clevernt.com/scripts/19e14edbe399a4f1c5a091dd62b4c44e.minc1e4.js]
[gadsabs.com/c8/3a/b6/c83ab685e09c8fa6e7de3ac1a0604dff.js]
[aivocalremover.com/template/img/playstore.png]
[aivocalremover.com/template/img/bg-showcase-1.jpg]
[aivocalremover.com/template/img/bg-showcase-2.jpg]
[aivocalremover.com/template/img/bg-showcase-3.jpg]
[aivocalremover.com/template/vendor/jquery/jquery.min.js]
[aivocalremover.com/template/vendor/bootstrap/js/bootstrap.bundle.min.js]
[aivocalremover.com/index.html]
[aivocalremover.com/template/vendor/bootstrap/css/bootstrap.min.css]
[aivocalremover.com/template/dropzone.js]
[aivocalremover.com/template/vendor/fontawesome-free/webfonts/fa-brands-400.eot]
[aivocalremover.com/template/vendor/fontawesome-free/webfonts/fa-brands-400d41d.eot]
[aivocalremover.com/template/vendor/fontawesome-free/webfonts/fa-brands-400.woff2]
[aivocalremover.com/template/vendor/fontawesome-free/webfonts/fa-brands-400.woff]
[aivocalremover.com/template/vendor/fontawesome-free/webfonts/fa-brands-400.ttf]
[aivocalremover.com/template/vendor/fontawesome-free/webfonts/fa-regular-400.eot]
[aivocalremover.com/template/vendor/fontawesome-free/webfonts/fa-regular-400d41d.eot]
[aivocalremover.com/template/vendor/fontawesome-free/webfonts/fa-regular-400.woff2]
[aivocalremover.com/template/vendor/fontawesome-free/webfonts/fa-regular-400.woff]
[aivocalremover.com/template/vendor/fontawesome-free/webfonts/fa-regular-400.ttf]
[aivocalremover.com/template/vendor/fontawesome-free/webfonts/fa-solid-900.eot]
[aivocalremover.com/template/vendor/fontawesome-free/webfonts/fa-solid-900d41d.eot]
[aivocalremover.com/template/vendor/fontawesome-free/webfonts/fa-solid-900.woff2]
[aivocalremover.com/template/vendor/fontawesome-free/webfonts/fa-solid-900.woff]
[aivocalremover.com/template/vendor/fontawesome-free/webfonts/fa-solid-900.ttf]
[aivocalremover.com/template/vendor/fontawesome-free/css/all.min.css]
[aivocalremover.com/template/vendor/simple-line-icons/fonts/Simple-Line-Iconsb26c.eot]
[aivocalremover.com/template/vendor/simple-line-icons/fonts/Simple-Line-Iconsb26c.woff2]
[aivocalremover.com/template/vendor/simple-line-icons/fonts/Simple-Line-Iconsb26c.ttf]
[aivocalremover.com/template/vendor/simple-line-icons/fonts/Simple-Line-Iconsb26c.woff]
[aivocalremover.com/template/vendor/simple-line-icons/css/simple-line-icons.css]
[aivocalremover.com/template/img/bg-masthead.jpg]
[aivocalremover.com/template/css/landing-page.min.css]
[aivocalremover.com/template/css/dropzone.css]
[aivocalremover.com/template/vendor/fontawesome-free/webfonts/fa-brands-400.svg]
[aivocalremover.com/template/vendor/fontawesome-free/webfonts/fa-regular-400.svg]
[aivocalremover.com/template/vendor/fontawesome-free/webfonts/fa-solid-900.svg]
[aivocalremover.com/template/vendor/simple-line-icons/fonts/Simple-Line-Iconsb26c.svg]
